Microchip MPLAB XC8 Compiler V3.00

Linker command line:

-W-3 \
  --edf=C:/Users/Anderson L. F. Perez/.mchp_packs/Microchip/PIC18Fxxxx_DFP/1.7.171/xc8\pic\dat\20250117225543_en.msgs \
  -cn -h+dist/default/production\BF161RTOS.X.production.sym \
  --cmf=dist/default/production\BF161RTOS.X.production.cmf -z -Q18F4550 \
  -oC:\Users\ANDERS~1.PER\AppData\Local\Temp\xcAskgg.\driver_tmp_3.o \
  --defsym=__MPLAB_BUILD=1 --fixupoverflow=error \
  -Mdist/default/production/BF161RTOS.X.production.map \
  --md=C:\Users\ANDERS~1.PER\AppData\Local\Temp\xcAskgg.\driver_tmp_0.dat \
  -E1 -ver=XC8 Compiler -ACODE=00h-07FFFh -ACONST=00h-07FFFh \
  -ASMALLCONST=0800h-08FFhx120 -AMEDIUMCONST=0800h-07FFFh -ACOMRAM=01h-05Fh \
  -AABS1=00h-07FFh -ABIGRAM=01h-07FFh -ARAM=060h-0FFh,0100h-01FFhx7 \
  -ABANK0=060h-0FFh -ABANK1=0100h-01FFh -ABANK2=0200h-02FFh \
  -ABANK3=0300h-03FFh -ABANK4=0400h-04FFh -ABANK5=0500h-05FFh \
  -ABANK6=0600h-06FFh -ABANK7=0700h-07FFh -ASFR=0F60h-0FFFh \
  -ABIGSFR=0F60h-0FFFh -ACONFIG=0300000h-030000Dh -AIDLOC=0200000h-0200007h \
  -AEEDATA=0F00000h-0F000FFh -peeprom_data=EEDATA \
  -preset_vec=00h,intcode=8h,intcodelo=18h,sivt_lo,sivt_hi=CODE \
  -ppowerup=CODE,init -pramtop=0800h -psmallconst=SMALLCONST \
  -pmediumconst=MEDIUMCONST -pconst=CONST -AFARRAM=00h-00h \
  -prdata=COMRAM,nvrram=COMRAM,nvbit=COMRAM,rbss=COMRAM,rbit=COMRAM \
  -pfarbss=FARRAM,fardata=FARRAM,nvFARRAM=FARRAM \
  -pintsave_regs=BIGRAM,bigbss=BIGRAM,bigdata=BIGRAM -pbss=RAM \
  -pidata=CODE,irdata=CODE,ibigdata=CODE,ifardata=CODE -prparam=COMRAM \
  C:\Users\ANDERS~1.PER\AppData\Local\Temp\xcAskgg.\driver_tmp_9.o \
  dist/default/production\BF161RTOS.X.production.o 

Object code version is 3.11

Machine type is 18F4550



                Name                               Link     Load   Length Selector   Space Scale
C:\Users\ANDERS~1.PER\AppData\Local\Temp\xcAskgg.\driver_tmp_9.o
                init                                  E        E        4        4       0
                reset_vec                             0        0        4        0       0
dist/default/production\BF161RTOS.X.production.o
                intcode                               8        8        6        4       0
                temp                                 1A       1A        1        1       1
                smallconst                          800      800        2      400       0
                text31                             1618     1618       88      401       0
                text30                             14D4     14D4       AE      401       0
                text29                             1916     1916       50      401       0
                text28                             11BE     11BE       DE      401       0
                text27                             1B2A     1B2A        E      401       0
                intcode_body                        ACC      ACC      28A      401       0
                text25                             1A46     1A46       2C      401       0
                text24                             17A0     17A0       6E      401       0
                text23                             16A0     16A0       86      401       0
                text22                             129C     129C       D8      401       0
                text21                              FB6      FB6      126      401       0
                text20                             1B1A     1B1A       10      401       0
                text19                             1424     1424       B0      401       0
                text18                             1874     1874       52      401       0
                text17                             10DC     10DC       E2      401       0
                text16                             1B0A     1B0A       10      401       0
                text15                              D56      D56      260      401       0
                text14                             1582     1582       96      401       0
                text13                              802      802      2CA      401       0
                text12                             1726     1726       7A      401       0
                text11                             1374     1374       B0      401       0
                text10                             1A18     1A18       2E      401       0
                text9                              18C6     18C6       50      401       0
                text8                              1A9C     1A9C       28      401       0
                text7                              180E     180E       66      401       0
                text6                              1B38     1B38        4      401       0
                text5                              1AC4     1AC4       1C      401       0
                text4                              19E8     19E8       30      401       0
                text3                              19B2     19B2       36      401       0
                text2                              1AE0     1AE0       16      401       0
                text1                              1AF6     1AF6       14      401       0
                text0                              1966     1966       4C      401       0
                cstackCOMRAM                          1        1       19        1       1
                cstackBANK0                          81       81       12       60       1
                cstackBANK1                         100      100       6B      100       1
                cstackBANK2                         200      200       6B      200       1
                bssBIGRAM                           26B      26B      415      26B       1
                bssBANK0                             60       60       21       60       1
                cinit                              1A72     1A72       2A      401       0

TOTAL           Name                               Link     Load   Length     Space
        CLASS   CODE           
                intcode                               8        8        6         0
                init                                  E        E        4         0
                reset_vec                             0        0        4         0
                text31                             1618     1618       88         0
                text30                             14D4     14D4       AE         0
                text29                             1916     1916       50         0
                text28                             11BE     11BE       DE         0
                text27                             1B2A     1B2A        E         0
                intcode_body                        ACC      ACC      28A         0
                text25                             1A46     1A46       2C         0
                text24                             17A0     17A0       6E         0
                text23                             16A0     16A0       86         0
                text22                             129C     129C       D8         0
                text21                              FB6      FB6      126         0
                text20                             1B1A     1B1A       10         0
                text19                             1424     1424       B0         0
                text18                             1874     1874       52         0
                text17                             10DC     10DC       E2         0
                text16                             1B0A     1B0A       10         0
                text15                              D56      D56      260         0
                text14                             1582     1582       96         0
                text13                              802      802      2CA         0
                text12                             1726     1726       7A         0
                text11                             1374     1374       B0         0
                text10                             1A18     1A18       2E         0
                text9                              18C6     18C6       50         0
                text8                              1A9C     1A9C       28         0
                text7                              180E     180E       66         0
                text6                              1B38     1B38        4         0
                text5                              1AC4     1AC4       1C         0
                text4                              19E8     19E8       30         0
                text3                              19B2     19B2       36         0
                text2                              1AE0     1AE0       16         0
                text1                              1AF6     1AF6       14         0
                text0                              1966     1966       4C         0
                cinit                              1A72     1A72       2A         0

        CLASS   CONST          

        CLASS   SMALLCONST     
                smallconst                          800      800        2         0

        CLASS   MEDIUMCONST    

        CLASS   COMRAM         
                temp                                 1A       1A        1         1
                cstackCOMRAM                          1        1       19         1

        CLASS   ABS1           

        CLASS   BIGRAM         
                bssBIGRAM                           26B      26B      415         1

        CLASS   RAM            

        CLASS   BANK0          
                cstackBANK0                          81       81       12         1
                bssBANK0                             60       60       21         1

        CLASS   BANK1          
                cstackBANK1                         100      100       6B         1

        CLASS   BANK2          
                cstackBANK2                         200      200       6B         1

        CLASS   BANK3          

        CLASS   BANK4          

        CLASS   BANK5          

        CLASS   BANK6          

        CLASS   BANK7          

        CLASS   SFR            

        CLASS   BIGSFR         

        CLASS   CONFIG         

        CLASS   IDLOC          

        CLASS   EEDATA         

        CLASS   FARRAM         

        CLASS   HEAP           

        CLASS   STACK          



SEGMENTS        Name                           Load    Length   Top    Selector   Space  Class

                reset_vec                      000000  000004  000004         0       0  CODE    
                cstackCOMRAM                   000001  00001A  00001B         1       1  COMRAM  
                intcode                        000008  00000A  000012         4       0  CODE    
                bssBANK0                       000060  000033  000093        60       1  BANK0   
                cstackBANK1                    000100  00006B  00016B       100       1  BANK1   
                cstackBANK2                    000200  00006B  00026B       200       1  BANK2   
                bssBIGRAM                      00026B  000415  000680       26B       1  BIGRAM  
                smallconst                     000800  000002  000802       400       0  SMALLCON
                text13                         000802  00133A  001B3C       401       0  CODE    


UNUSED ADDRESS RANGES

        Name                Unused          Largest block    Delta
        BANK0            0093-00FF             6D
        BANK1            016B-01FF             95
        BANK6            0680-06FF             80
        BANK7            0700-07FF            100
        BIGRAM           001B-005F             45
                         0093-00FF             6D
                         016B-01FF             95
                         0680-07FF            180
        BIGSFR           0F60-0FFF             A0
        CODE             0004-0007              4
                         0012-07FF            7EE
                         1B3C-7FFF           64C4
        COMRAM           001B-005F             45
        CONFIG           300000-30000D              E
        CONST            0004-0007              4
                         0012-07FF            7EE
                         1B3C-7FFF           64C4
        EEDATA           F00000-F000FF            100
        IDLOC            200000-200007              8
        MEDIUMCONST      1B3C-7FFF           64C4
        RAM              0093-00FF             6D
                         016B-01FF             95
                         0680-07FF             80
        SFR              0F60-0FFF             A0
        SMALLCONST       1B3C-7FFF            100

                                  Symbol Table

?_SRAMalloc                     cstackBANK0  008A
?___awmod                       cstackBANK1  014B
?_rr_scheduler                  cstackBANK1  0151
?i2___awmod                     cstackCOMRAM 0001
?i2_rr_scheduler                cstackCOMRAM 0007
SRAMInitHeap@count              cstackBANK1  0168
SRAMInitHeap@pHeap              cstackBANK1  0166
SRAMalloc@nBytes                cstackBANK0  0090
SRAMalloc@pHeap                 cstackBANK0  0091
SRAMalloc@segHeader             cstackBANK0  008F
SRAMalloc@segLen                cstackBANK0  008E
SRAMalloc@temp                  cstackBANK0  008C
SRAMfree@pSRAM                  cstackCOMRAM 000D
_BSR                            (abs)        0FE0
_INTCONbits                     (abs)        0FF2
_ISR_TIMER_0                    intcode      0008
_LATCbits                       (abs)        0F8B
_LATDbits                       (abs)        0F8C
_PORTDbits                      (abs)        0F83
_SRAMInitHeap                   text7        180E
_SRAMalloc                      text21       0FB6
_SRAMfree                       text20       1B1A
_STATUS                         (abs)        0FD8
_STKPTR                         (abs)        0FFC
_T0CONbits                      (abs)        0FD5
_TMR0                           (abs)        0FD6
_TOS                            (abs)        0FFD
_TRISCbits                      (abs)        0F94
_TRISDbits                      (abs)        0F95
_WREG                           (abs)        0FE8
__HRAM                          (abs)        0000
__H__absolute__                 __absolute__ 0000
__Habs1                         abs1         0000
__Hbank0                        bank0        0000
__Hbank1                        bank1        0000
__Hbank2                        bank2        0000
__Hbank3                        bank3        0000
__Hbank4                        bank4        0000
__Hbank5                        bank5        0000
__Hbank6                        bank6        0000
__Hbank7                        bank7        0000
__Hbigbss                       bigbss       0000
__Hbigdata                      bigdata      0000
__Hbigram                       bigram       0000
__Hbigsfr                       bigsfr       0000
__Hbss                          bss          0000
__HbssBANK0                     bssBANK0     0000
__HbssBIGRAM                    bssBIGRAM    0000
__Hcinit                        cinit        0000
__Hclrtext                      clrtext      0000
__Hcomram                       comram       0000
__Hconfig                       config       0000
__Hconst                        const        0000
__HcstackBANK0                  cstackBANK0  0000
__HcstackBANK1                  cstackBANK1  0000
__HcstackBANK2                  cstackBANK2  0000
__HcstackCOMRAM                 cstackCOMRAM 0000
__Hdata                         data         0000
__Heeprom_data                  eeprom_data  0000
__Hfarbss                       farbss       0000
__Hfardata                      fardata      0000
__Hheap                         heap         0000
__Hibigdata                     ibigdata     0000
__Hidata                        idata        0000
__Hidloc                        idloc        0000
__Hifardata                     ifardata     0000
__Hinit                         init         0012
__Hintcode                      intcode      000E
__Hintcode_body                 intcode_body 0000
__Hintcodelo                    intcodelo    0018
__Hintentry                     intentry     0000
__Hintret                       intret       0000
__Hintsave_regs                 intsave_regs 0000
__Hirdata                       irdata       0000
__Hmediumconst                  mediumconst  0000
__HnvFARRAM                     nvFARRAM     0000
__Hnvbit                        nvbit        0000
__Hnvrram                       nvrram       0000
__Hparam                        rparam       0000
__Hpowerup                      powerup      0000
__Hram                          ram          0000
__Hramtop                       ramtop       0800
__Hrbit                         rbit         0000
__Hrbss                         rbss         0000
__Hrdata                        rdata        0000
__Hreset_vec                    reset_vec    0004
__Hrparam                       rparam       0000
__Hsfr                          sfr          0000
__Hsivt_hi                      sivt_hi      0000
__Hsivt_lo                      sivt_lo      0018
__Hsmallconst                   smallconst   0802
__Hspace_0                      (abs)        1B3C
__Hspace_1                      (abs)        0680
__Hspace_2                      (abs)        0000
__Hspace_4                      (abs)        0000
__Hstack                        stack        0000
__Hstruct                       struct       0000
__Htemp                         temp         001B
__Htext                         text         0000
__Htext0                        text0        0000
__Htext1                        text1        0000
__Htext10                       text10       0000
__Htext11                       text11       0000
__Htext12                       text12       0000
__Htext13                       text13       0000
__Htext14                       text14       0000
__Htext15                       text15       0000
__Htext16                       text16       0000
__Htext17                       text17       0000
__Htext18                       text18       0000
__Htext19                       text19       0000
__Htext2                        text2        0000
__Htext20                       text20       0000
__Htext21                       text21       0000
__Htext22                       text22       0000
__Htext23                       text23       0000
__Htext24                       text24       0000
__Htext25                       text25       0000
__Htext27                       text27       0000
__Htext28                       text28       0000
__Htext29                       text29       0000
__Htext3                        text3        0000
__Htext30                       text30       0000
__Htext31                       text31       0000
__Htext4                        text4        0000
__Htext5                        text5        0000
__Htext6                        text6        0000
__Htext7                        text7        0000
__Htext8                        text8        0000
__Htext9                        text9        0000
__LRAM                          (abs)        0001
__L__absolute__                 __absolute__ 0000
__Labs1                         abs1         0000
__Lbank0                        bank0        0000
__Lbank1                        bank1        0000
__Lbank2                        bank2        0000
__Lbank3                        bank3        0000
__Lbank4                        bank4        0000
__Lbank5                        bank5        0000
__Lbank6                        bank6        0000
__Lbank7                        bank7        0000
__Lbigbss                       bigbss       0000
__Lbigdata                      bigdata      0000
__Lbigram                       bigram       0000
__Lbigsfr                       bigsfr       0000
__Lbss                          bss          0000
__LbssBANK0                     bssBANK0     0000
__LbssBIGRAM                    bssBIGRAM    0000
__Lcinit                        cinit        0000
__Lclrtext                      clrtext      0000
__Lcomram                       comram       0000
__Lconfig                       config       0000
__Lconst                        const        0000
__LcstackBANK0                  cstackBANK0  0000
__LcstackBANK1                  cstackBANK1  0000
__LcstackBANK2                  cstackBANK2  0000
__LcstackCOMRAM                 cstackCOMRAM 0000
__Ldata                         data         0000
__Leeprom_data                  eeprom_data  0000
__Lfarbss                       farbss       0000
__Lfardata                      fardata      0000
__Lheap                         heap         0000
__Libigdata                     ibigdata     0000
__Lidata                        idata        0000
__Lidloc                        idloc        0000
__Lifardata                     ifardata     0000
__Linit                         init         000E
__Lintcode                      intcode      0008
__Lintcode_body                 intcode_body 0000
__Lintcodelo                    intcodelo    0018
__Lintentry                     intentry     0000
__Lintret                       intret       0000
__Lintsave_regs                 intsave_regs 0000
__Lirdata                       irdata       0000
__Lmediumconst                  mediumconst  0000
__LnvFARRAM                     nvFARRAM     0000
__Lnvbit                        nvbit        0000
__Lnvrram                       nvrram       0000
__Lparam                        rparam       0000
__Lpowerup                      powerup      0000
__Lram                          ram          0000
__Lramtop                       ramtop       0800
__Lrbit                         rbit         0000
__Lrbss                         rbss         0000
__Lrdata                        rdata        0000
__Lreset_vec                    reset_vec    0000
__Lrparam                       rparam       0000
__Lsfr                          sfr          0000
__Lsivt_hi                      sivt_hi      0000
__Lsivt_lo                      sivt_lo      0018
__Lsmallconst                   smallconst   0800
__Lspace_0                      (abs)        0000
__Lspace_1                      (abs)        0000
__Lspace_2                      (abs)        0000
__Lspace_4                      (abs)        0000
__Lstack                        stack        0000
__Lstruct                       struct       0000
__Ltemp                         temp         001A
__Ltext                         text         0000
__Ltext0                        text0        0000
__Ltext1                        text1        0000
__Ltext10                       text10       0000
__Ltext11                       text11       0000
__Ltext12                       text12       0000
__Ltext13                       text13       0000
__Ltext14                       text14       0000
__Ltext15                       text15       0000
__Ltext16                       text16       0000
__Ltext17                       text17       0000
__Ltext18                       text18       0000
__Ltext19                       text19       0000
__Ltext2                        text2        0000
__Ltext20                       text20       0000
__Ltext21                       text21       0000
__Ltext22                       text22       0000
__Ltext23                       text23       0000
__Ltext24                       text24       0000
__Ltext25                       text25       0000
__Ltext27                       text27       0000
__Ltext28                       text28       0000
__Ltext29                       text29       0000
__Ltext3                        text3        0000
__Ltext30                       text30       0000
__Ltext31                       text31       0000
__Ltext4                        text4        0000
__Ltext5                        text5        0000
__Ltext6                        text6        0000
__Ltext7                        text7        0000
__Ltext8                        text8        0000
__Ltext9                        text9        0000
__S0                            (abs)        1B3C
__S1                            (abs)        0680
__S4                            (abs)        0000
__S5                            (abs)        0000
__SRAMmerge                     text22       129C
__SRAMmerge@pSegA               cstackCOMRAM 000D
__SRAMmerge@pSegB               cstackCOMRAM 0011
__SRAMmerge@uSegA               cstackCOMRAM 0013
__SRAMmerge@uSegB               cstackCOMRAM 0014
__SRAMmerge@uSum                cstackCOMRAM 0010
___awmod                        text19       1424
___awmod@counter                cstackBANK1  014F
___awmod@dividend               cstackBANK1  014B
___awmod@divisor                cstackBANK1  014D
___awmod@sign                   cstackBANK1  0150
___heap_hi                      (abs)        0000
___heap_lo                      (abs)        0000
___inthi_sp                     stack        0000
___inthi_stack_hi               stack        0000
___inthi_stack_lo               stack        0000
___intlo_sp                     stack        0000
___intlo_stack_hi               stack        0000
___intlo_stack_lo               stack        0000
___param_bank                   (abs)        0000
___rparam_used                  (abs)        0001
___sp                           stack        0000
___stack_hi                     stack        0000
___stack_lo                     stack        0000
__accesstop                     (abs)        0060
__activetblptr                  (abs)        0000
__end_of_ISR_TIMER_0            intcode_body 0D56
__end_of_SRAMInitHeap           text7        1874
__end_of_SRAMalloc              text21       10DC
__end_of_SRAMfree               text20       1B2A
__end_of__SRAMmerge             text22       1374
__end_of___awmod                text19       14D4
__end_of__initialization        cinit        1A92
__end_of_conf_interrupts        text6        1B3C
__end_of_conf_timer_0           text5        1AE0
__end_of_config_app             text2        1AF6
__end_of_create_pipe            text3        19E8
__end_of_main                   text0        19B2
__end_of_os_config              text8        1AC4
__end_of_os_create_task         text9        1916
__end_of_os_delay               text15       0FB6
__end_of_os_idle_task           text10       1A46
__end_of_os_start               text1        1B0A
__end_of_os_task_pos            text18       18C6
__end_of_os_task_time_decrease  text31       16A0
__end_of_read_pipe              text24       180E
__end_of_rr_scheduler           text17       11BE
__end_of_scheduler              text16       1B1A
__end_of_sem_init               text4        1A18
__end_of_sem_post               text14       1618
__end_of_sem_wait               text13       0ACC
__end_of_tarefa_1               text11       1424
__end_of_tarefa_2               text23       1726
__end_of_tarefa_3               text25       1A72
__end_of_write_pipe             text12       17A0
__end_ofi2___awmod              text30       1582
__end_ofi2_os_task_pos          text29       1966
__end_ofi2_rr_scheduler         text28       129C
__end_ofi2_scheduler            text27       1B38
__initialization                cinit        1A72
__mediumconst                   smallconst   0800
__pbssBANK0                     bssBANK0     0060
__pbssBIGRAM                    bssBIGRAM    026B
__pcinit                        cinit        1A72
__pcstackBANK0                  cstackBANK0  0081
__pcstackBANK1                  cstackBANK1  0100
__pcstackBANK2                  cstackBANK2  0200
__pcstackCOMRAM                 cstackCOMRAM 0001
__pintcode                      intcode      0008
__pintcode_body                 intcode_body 0ACC
__psmallconst                   smallconst   0800
__ptext0                        text0        1966
__ptext1                        text1        1AF6
__ptext10                       text10       1A18
__ptext11                       text11       1374
__ptext12                       text12       1726
__ptext13                       text13       0802
__ptext14                       text14       1582
__ptext15                       text15       0D56
__ptext16                       text16       1B0A
__ptext17                       text17       10DC
__ptext18                       text18       1874
__ptext19                       text19       1424
__ptext2                        text2        1AE0
__ptext20                       text20       1B1A
__ptext21                       text21       0FB6
__ptext22                       text22       129C
__ptext23                       text23       16A0
__ptext24                       text24       17A0
__ptext25                       text25       1A46
__ptext27                       text27       1B2A
__ptext28                       text28       11BE
__ptext29                       text29       1916
__ptext3                        text3        19B2
__ptext30                       text30       14D4
__ptext31                       text31       1618
__ptext4                        text4        19E8
__ptext5                        text5        1AC4
__ptext6                        text6        1B38
__ptext7                        text7        180E
__ptext8                        text8        1A9C
__ptext9                        text9        18C6
__ramtop                        ramtop       0800
__smallconst                    smallconst   0800
__uDynamicHeap                  bssBIGRAM    0480
_canal                          bssBANK0     0060
_conf_interrupts                text6        1B38
_conf_timer_0                   text5        1AC4
_config_app                     text2        1AE0
_create_pipe                    text3        19B2
_main                           text0        1966
_os_config                      text8        1A9C
_os_create_task                 text9        18C6
_os_delay                       text15       0D56
_os_idle_task                   text10       1A18
_os_start                       text1        1AF6
_os_task_pos                    text18       1874
_os_task_time_decrease          text31       1618
_read_pipe                      text24       17A0
_readyQueue                     bssBIGRAM    026B
_rr_scheduler                   text17       10DC
_scheduler                      text16       1B0A
_sem_init                       text4        19E8
_sem_post                       text14       1582
_sem_wait                       text13       0802
_tarefa_1                       text11       1374
_tarefa_2                       text23       16A0
_tarefa_3                       text25       1A46
_write_pipe                     text12       1726
btemp                           temp         001A
create_pipe@p                   cstackBANK1  016A
end_of_initialization           cinit        1A92
i2___awmod                      text30       14D4
i2___awmod@counter              cstackCOMRAM 0005
i2___awmod@dividend             cstackCOMRAM 0001
i2___awmod@divisor              cstackCOMRAM 0003
i2___awmod@sign                 cstackCOMRAM 0006
i2_os_task_pos                  text29       1916
i2_rr_scheduler                 text28       11BE
i2_scheduler                    text27       1B2A
i2os_task_pos@i                 cstackCOMRAM 0005
i2os_task_pos@task              cstackCOMRAM 0001
i2rr_scheduler@idle_selected    cstackCOMRAM 000B
i2rr_scheduler@pos_task_running cstackCOMRAM 000C
int$flags                       temp         001A
int_func                        intcode_body 0ACC
intlevel0                       text         0000
intlevel1                       text         0000
intlevel2                       text         0000
intlevel3                       text         0000
isa$std                         (abs)        0001
isa$xinst                       (abs)        0000
os_create_task@id               cstackBANK2  0200
os_create_task@new_task         cstackBANK2  0201
os_create_task@prior            cstackBANK1  0168
os_create_task@task_f           cstackBANK1  0166
os_delay@time                   cstackCOMRAM 000D
os_task_pos@i                   cstackBANK1  014F
os_task_pos@task                cstackBANK1  014B
os_task_time_decrease@i         cstackCOMRAM 0002
read_pipe@buffer                cstackBANK1  0160
read_pipe@p                     cstackBANK1  015F
rr_scheduler@idle_selected      cstackBANK1  0155
rr_scheduler@pos_task_running   cstackBANK1  0156
sem_init@init_value             cstackBANK1  0167
sem_init@s                      cstackBANK1  0166
sem_post@s                      cstackBANK1  0151
sem_wait@s                      cstackBANK1  0157
stackhi                         (abs)        0000
stacklo                         (abs)        0000
start                           init         000E
start_initialization            cinit        1A72
tarefa_1@dados                  cstackBANK1  0149
tarefa_1@index                  cstackBANK1  0147
tarefa_2@dado                   cstackBANK1  0164
ttemp5                          temp         001B
ttemp6                          temp         001E
ttemp7                          temp         0022
write_pipe@buffer               cstackBANK0  008B
write_pipe@p                    cstackBANK0  008A
wtemp8                          temp         001B


MODULE INFORMATION

Module		Function		Class		Link	Load	Size
C:\Program Files\Microchip\xc8\v3.00\pic\sources\c99\common\awmod.c
		___awmod       		CODE           	1424	0000	176

C:\Program Files\Microchip\xc8\v3.00\pic\sources\c99\common\awmod.c estimated size: 176

kernel.c
		_os_config     		CODE           	1A9C	0000	40
		_os_start      		CODE           	1AF6	0000	20
		_os_task_time_decrease		CODE           	1618	0000	136
		_os_task_pos   		CODE           	1874	0000	82
		_os_idle_task  		CODE           	1A18	0000	46

kernel.c estimated size: 324

mem.c
		__SRAMmerge    		CODE           	129C	0000	216
		_SRAMalloc     		CODE           	0FB6	0000	294
		_SRAMfree      		CODE           	1B1A	0000	16
		_SRAMInitHeap  		CODE           	180E	0000	102

mem.c estimated size: 628

shared
		i2_os_task_pos 		CODE           	1916	0000	80
		__initialization		CODE           	1A72	0000	32
		i2___awmod     		CODE           	14D4	0000	174
		i2_scheduler   		CODE           	1B2A	0000	14
		i2_rr_scheduler		CODE           	11BE	0000	222

shared estimated size: 522

hardware.c
		_conf_timer_0  		CODE           	1AC4	0000	28
		_conf_interrupts		CODE           	1B38	0000	4
		_ISR_TIMER_0   		CODE           	0008	0000	656

hardware.c estimated size: 688

pipe.c
		_read_pipe     		CODE           	17A0	0000	110
		_create_pipe   		CODE           	19B2	0000	54
		_write_pipe    		CODE           	1726	0000	122

pipe.c estimated size: 286

scheduler.c
		_rr_scheduler  		CODE           	10DC	0000	226
		_scheduler     		CODE           	1B0A	0000	16

scheduler.c estimated size: 242

sync.c
		_sem_wait      		CODE           	0802	0000	714
		_sem_init      		CODE           	19E8	0000	48
		_sem_post      		CODE           	1582	0000	150

sync.c estimated size: 912

main.c
		_main          		CODE           	1966	0000	76

main.c estimated size: 76

syscall.c
		_os_delay      		CODE           	0D56	0000	608
		_os_create_task		CODE           	18C6	0000	80

syscall.c estimated size: 688

user_app.c
		_tarefa_1      		CODE           	1374	0000	176
		_tarefa_2      		CODE           	16A0	0000	134
		_tarefa_3      		CODE           	1A46	0000	44
		_config_app    		CODE           	1AE0	0000	22

user_app.c estimated size: 376

