Microchip MPLAB XC8 Compiler V3.00

Linker command line:

-W-3 \
  --edf=C:/Users/Anderson L. F. Perez/.mchp_packs/Microchip/PIC18Fxxxx_DFP/1.7.171/xc8\pic\dat\20250117225543_en.msgs \
  -cn -h+dist/default/production\BF161RTOS.X.production.sym \
  --cmf=dist/default/production\BF161RTOS.X.production.cmf -z -Q18F4550 \
  -oC:\Users\ANDERS~1.PER\AppData\Local\Temp\xcAs18pc.\driver_tmp_3.o \
  --defsym=__MPLAB_BUILD=1 --fixupoverflow=error \
  -Mdist/default/production/BF161RTOS.X.production.map \
  --md=C:\Users\ANDERS~1.PER\AppData\Local\Temp\xcAs18pc.\driver_tmp_0.dat \
  -E1 -ver=XC8 Compiler -ACODE=00h-07FFFh -ACONST=00h-07FFFh \
  -ASMALLCONST=0800h-08FFhx120 -AMEDIUMCONST=0800h-07FFFh -ACOMRAM=01h-05Fh \
  -AABS1=00h-07FFh -ABIGRAM=01h-07FFh -ARAM=060h-0FFh,0100h-01FFhx7 \
  -ABANK0=060h-0FFh -ABANK1=0100h-01FFh -ABANK2=0200h-02FFh \
  -ABANK3=0300h-03FFh -ABANK4=0400h-04FFh -ABANK5=0500h-05FFh \
  -ABANK6=0600h-06FFh -ABANK7=0700h-07FFh -ASFR=0F60h-0FFFh \
  -ABIGSFR=0F60h-0FFFh -ACONFIG=0300000h-030000Dh -AIDLOC=0200000h-0200007h \
  -AEEDATA=0F00000h-0F000FFh -peeprom_data=EEDATA \
  -preset_vec=00h,intcode=8h,intcodelo=18h,sivt_lo,sivt_hi=CODE \
  -ppowerup=CODE,init -pramtop=0800h -psmallconst=SMALLCONST \
  -pmediumconst=MEDIUMCONST -pconst=CONST -AFARRAM=00h-00h \
  -prdata=COMRAM,nvrram=COMRAM,nvbit=COMRAM,rbss=COMRAM,rbit=COMRAM \
  -pfarbss=FARRAM,fardata=FARRAM,nvFARRAM=FARRAM \
  -pintsave_regs=BIGRAM,bigbss=BIGRAM,bigdata=BIGRAM -pbss=RAM \
  -pidata=CODE,irdata=CODE,ibigdata=CODE,ifardata=CODE -prparam=COMRAM \
  C:\Users\ANDERS~1.PER\AppData\Local\Temp\xcAs18pc.\driver_tmp_9.o \
  dist/default/production\BF161RTOS.X.production.o 

Object code version is 3.11

Machine type is 18F4550



                Name                               Link     Load   Length Selector   Space Scale
C:\Users\ANDERS~1.PER\AppData\Local\Temp\xcAs18pc.\driver_tmp_9.o
                init                                  E        E        4        4       0
                reset_vec                             0        0        4        0       0
dist/default/production\BF161RTOS.X.production.o
                intcode                               8        8        6        4       0
                temp                                 3A       3A        1        1       1
                smallconst                          800      800        2      400       0
                text22                             1064     1064       88      401       0
                text21                              FB6      FB6       AE      401       0
                text20                             113C     113C       50      401       0
                text19                              E2A      E2A       DE      401       0
                text18                             13AA     13AA        E      401       0
                intcode_body                        AC2      AC2      28A      401       0
                text16                             12B2     12B2       2C      401       0
                text15                             1308     1308       2A      401       0
                text14                              F08      F08       AE      401       0
                text13                             10EC     10EC       50      401       0
                text12                              D4C      D4C       DE      401       0
                text11                             139C     139C        E      401       0
                text10                              802      802      2C0      401       0
                text9                              1284     1284       2E      401       0
                text8                              1256     1256       2E      401       0
                text7                              118C     118C       4E      401       0
                text6                              1332     1332       28      401       0
                text5                              13B8     13B8        4      401       0
                text4                              135A     135A       1C      401       0
                text3                              1226     1226       30      401       0
                text2                              1376     1376       16      401       0
                text1                              138C     138C       10      401       0
                text0                              11DA     11DA       4C      401       0
                cstackCOMRAM                          1        1       2B        1       1
                cstackBANK0                          60       60       73       60       1
                bssBIGRAM                            D3       D3      215       D3       1
                bssCOMRAM                            2C       2C        E        1       1
                cinit                              12DE     12DE       2A      401       0

TOTAL           Name                               Link     Load   Length     Space
        CLASS   CODE           
                intcode                               8        8        6         0
                init                                  E        E        4         0
                reset_vec                             0        0        4         0
                text22                             1064     1064       88         0
                text21                              FB6      FB6       AE         0
                text20                             113C     113C       50         0
                text19                              E2A      E2A       DE         0
                text18                             13AA     13AA        E         0
                intcode_body                        AC2      AC2      28A         0
                text16                             12B2     12B2       2C         0
                text15                             1308     1308       2A         0
                text14                              F08      F08       AE         0
                text13                             10EC     10EC       50         0
                text12                              D4C      D4C       DE         0
                text11                             139C     139C        E         0
                text10                              802      802      2C0         0
                text9                              1284     1284       2E         0
                text8                              1256     1256       2E         0
                text7                              118C     118C       4E         0
                text6                              1332     1332       28         0
                text5                              13B8     13B8        4         0
                text4                              135A     135A       1C         0
                text3                              1226     1226       30         0
                text2                              1376     1376       16         0
                text1                              138C     138C       10         0
                text0                              11DA     11DA       4C         0
                cinit                              12DE     12DE       2A         0

        CLASS   CONST          

        CLASS   SMALLCONST     
                smallconst                          800      800        2         0

        CLASS   MEDIUMCONST    

        CLASS   COMRAM         
                temp                                 3A       3A        1         1
                cstackCOMRAM                          1        1       2B         1
                bssCOMRAM                            2C       2C        E         1

        CLASS   ABS1           

        CLASS   BIGRAM         
                bssBIGRAM                            D3       D3      215         1

        CLASS   RAM            

        CLASS   BANK0          
                cstackBANK0                          60       60       73         1

        CLASS   BANK1          

        CLASS   BANK2          

        CLASS   BANK3          

        CLASS   BANK4          

        CLASS   BANK5          

        CLASS   BANK6          

        CLASS   BANK7          

        CLASS   SFR            

        CLASS   BIGSFR         

        CLASS   CONFIG         

        CLASS   IDLOC          

        CLASS   EEDATA         

        CLASS   FARRAM         

        CLASS   HEAP           

        CLASS   STACK          



SEGMENTS        Name                           Load    Length   Top    Selector   Space  Class

                reset_vec                      000000  000004  000004         0       0  CODE    
                cstackCOMRAM                   000001  00003A  00003B         1       1  COMRAM  
                intcode                        000008  00000A  000012         4       0  CODE    
                cstackBANK0                    000060  000073  0000D3        60       1  BANK0   
                bssBIGRAM                      0000D3  000215  0002E8        D3       1  BIGRAM  
                smallconst                     000800  000002  000802       400       0  SMALLCON
                text10                         000802  000BBA  0013BC       401       0  CODE    


UNUSED ADDRESS RANGES

        Name                Unused          Largest block    Delta
        BANK2            02E8-02FF             18
        BANK3            0300-03FF            100
        BANK4            0400-04FF            100
        BANK5            0500-05FF            100
        BANK6            0600-06FF            100
        BANK7            0700-07FF            100
        BIGRAM           003B-005F             25
                         02E8-07FF            518
        BIGSFR           0F60-0FFF             A0
        CODE             0004-0007              4
                         0012-07FF            7EE
                         13BC-7FFF           6C44
        COMRAM           003B-005F             25
        CONFIG           300000-30000D              E
        CONST            0004-0007              4
                         0012-07FF            7EE
                         13BC-7FFF           6C44
        EEDATA           F00000-F000FF            100
        IDLOC            200000-200007              8
        MEDIUMCONST      13BC-7FFF           6C44
        RAM              02E8-07FF            100
        SFR              0F60-0FFF             A0
        SMALLCONST       13BC-7FFF            100

                                  Symbol Table

?___awmod                       cstackCOMRAM 0017
?_rr_scheduler                  cstackCOMRAM 001D
?i2___awmod                     cstackCOMRAM 0001
?i2_rr_scheduler                cstackCOMRAM 0007
_BSR                            (abs)        0FE0
_INTCONbits                     (abs)        0FF2
_ISR_TIMER_0                    intcode      0008
_LATDbits                       (abs)        0F8C
_PORTDbits                      (abs)        0F83
_STATUS                         (abs)        0FD8
_STKPTR                         (abs)        0FFC
_T0CONbits                      (abs)        0FD5
_TMR0                           (abs)        0FD6
_TOS                            (abs)        0FFD
_TRISDbits                      (abs)        0F95
_WREG                           (abs)        0FE8
__HRAM                          (abs)        0000
__H__absolute__                 __absolute__ 0000
__Habs1                         abs1         0000
__Hbank0                        bank0        0000
__Hbank1                        bank1        0000
__Hbank2                        bank2        0000
__Hbank3                        bank3        0000
__Hbank4                        bank4        0000
__Hbank5                        bank5        0000
__Hbank6                        bank6        0000
__Hbank7                        bank7        0000
__Hbigbss                       bigbss       0000
__Hbigdata                      bigdata      0000
__Hbigram                       bigram       0000
__Hbigsfr                       bigsfr       0000
__Hbss                          bss          0000
__HbssBIGRAM                    bssBIGRAM    0000
__HbssCOMRAM                    bssCOMRAM    0000
__Hcinit                        cinit        0000
__Hclrtext                      clrtext      0000
__Hcomram                       comram       0000
__Hconfig                       config       0000
__Hconst                        const        0000
__HcstackBANK0                  cstackBANK0  0000
__HcstackCOMRAM                 cstackCOMRAM 0000
__Hdata                         data         0000
__Heeprom_data                  eeprom_data  0000
__Hfarbss                       farbss       0000
__Hfardata                      fardata      0000
__Hheap                         heap         0000
__Hibigdata                     ibigdata     0000
__Hidata                        idata        0000
__Hidloc                        idloc        0000
__Hifardata                     ifardata     0000
__Hinit                         init         0012
__Hintcode                      intcode      000E
__Hintcode_body                 intcode_body 0000
__Hintcodelo                    intcodelo    0018
__Hintentry                     intentry     0000
__Hintret                       intret       0000
__Hintsave_regs                 intsave_regs 0000
__Hirdata                       irdata       0000
__Hmediumconst                  mediumconst  0000
__HnvFARRAM                     nvFARRAM     0000
__Hnvbit                        nvbit        0000
__Hnvrram                       nvrram       0000
__Hparam                        rparam       0000
__Hpowerup                      powerup      0000
__Hram                          ram          0000
__Hramtop                       ramtop       0800
__Hrbit                         rbit         0000
__Hrbss                         rbss         0000
__Hrdata                        rdata        0000
__Hreset_vec                    reset_vec    0004
__Hrparam                       rparam       0000
__Hsfr                          sfr          0000
__Hsivt_hi                      sivt_hi      0000
__Hsivt_lo                      sivt_lo      0018
__Hsmallconst                   smallconst   0802
__Hspace_0                      (abs)        13BC
__Hspace_1                      (abs)        02E8
__Hspace_2                      (abs)        0000
__Hspace_4                      (abs)        0000
__Hstack                        stack        0000
__Hstruct                       struct       0000
__Htemp                         temp         003B
__Htext                         text         0000
__Htext0                        text0        0000
__Htext1                        text1        0000
__Htext10                       text10       0000
__Htext11                       text11       0000
__Htext12                       text12       0000
__Htext13                       text13       0000
__Htext14                       text14       0000
__Htext15                       text15       0000
__Htext16                       text16       0000
__Htext18                       text18       0000
__Htext19                       text19       0000
__Htext2                        text2        0000
__Htext20                       text20       0000
__Htext21                       text21       0000
__Htext22                       text22       0000
__Htext3                        text3        0000
__Htext4                        text4        0000
__Htext5                        text5        0000
__Htext6                        text6        0000
__Htext7                        text7        0000
__Htext8                        text8        0000
__Htext9                        text9        0000
__LRAM                          (abs)        0001
__L__absolute__                 __absolute__ 0000
__Labs1                         abs1         0000
__Lbank0                        bank0        0000
__Lbank1                        bank1        0000
__Lbank2                        bank2        0000
__Lbank3                        bank3        0000
__Lbank4                        bank4        0000
__Lbank5                        bank5        0000
__Lbank6                        bank6        0000
__Lbank7                        bank7        0000
__Lbigbss                       bigbss       0000
__Lbigdata                      bigdata      0000
__Lbigram                       bigram       0000
__Lbigsfr                       bigsfr       0000
__Lbss                          bss          0000
__LbssBIGRAM                    bssBIGRAM    0000
__LbssCOMRAM                    bssCOMRAM    0000
__Lcinit                        cinit        0000
__Lclrtext                      clrtext      0000
__Lcomram                       comram       0000
__Lconfig                       config       0000
__Lconst                        const        0000
__LcstackBANK0                  cstackBANK0  0000
__LcstackCOMRAM                 cstackCOMRAM 0000
__Ldata                         data         0000
__Leeprom_data                  eeprom_data  0000
__Lfarbss                       farbss       0000
__Lfardata                      fardata      0000
__Lheap                         heap         0000
__Libigdata                     ibigdata     0000
__Lidata                        idata        0000
__Lidloc                        idloc        0000
__Lifardata                     ifardata     0000
__Linit                         init         000E
__Lintcode                      intcode      0008
__Lintcode_body                 intcode_body 0000
__Lintcodelo                    intcodelo    0018
__Lintentry                     intentry     0000
__Lintret                       intret       0000
__Lintsave_regs                 intsave_regs 0000
__Lirdata                       irdata       0000
__Lmediumconst                  mediumconst  0000
__LnvFARRAM                     nvFARRAM     0000
__Lnvbit                        nvbit        0000
__Lnvrram                       nvrram       0000
__Lparam                        rparam       0000
__Lpowerup                      powerup      0000
__Lram                          ram          0000
__Lramtop                       ramtop       0800
__Lrbit                         rbit         0000
__Lrbss                         rbss         0000
__Lrdata                        rdata        0000
__Lreset_vec                    reset_vec    0000
__Lrparam                       rparam       0000
__Lsfr                          sfr          0000
__Lsivt_hi                      sivt_hi      0000
__Lsivt_lo                      sivt_lo      0018
__Lsmallconst                   smallconst   0800
__Lspace_0                      (abs)        0000
__Lspace_1                      (abs)        0000
__Lspace_2                      (abs)        0000
__Lspace_4                      (abs)        0000
__Lstack                        stack        0000
__Lstruct                       struct       0000
__Ltemp                         temp         003A
__Ltext                         text         0000
__Ltext0                        text0        0000
__Ltext1                        text1        0000
__Ltext10                       text10       0000
__Ltext11                       text11       0000
__Ltext12                       text12       0000
__Ltext13                       text13       0000
__Ltext14                       text14       0000
__Ltext15                       text15       0000
__Ltext16                       text16       0000
__Ltext18                       text18       0000
__Ltext19                       text19       0000
__Ltext2                        text2        0000
__Ltext20                       text20       0000
__Ltext21                       text21       0000
__Ltext22                       text22       0000
__Ltext3                        text3        0000
__Ltext4                        text4        0000
__Ltext5                        text5        0000
__Ltext6                        text6        0000
__Ltext7                        text7        0000
__Ltext8                        text8        0000
__Ltext9                        text9        0000
__S0                            (abs)        13BC
__S1                            (abs)        02E8
__S4                            (abs)        0000
__S5                            (abs)        0000
___awmod                        text14       0F08
___awmod@counter                cstackCOMRAM 001B
___awmod@dividend               cstackCOMRAM 0017
___awmod@divisor                cstackCOMRAM 0019
___awmod@sign                   cstackCOMRAM 001C
___heap_hi                      (abs)        0000
___heap_lo                      (abs)        0000
___inthi_sp                     stack        0000
___inthi_stack_hi               stack        0000
___inthi_stack_lo               stack        0000
___intlo_sp                     stack        0000
___intlo_stack_hi               stack        0000
___intlo_stack_lo               stack        0000
___param_bank                   (abs)        0000
___rparam_used                  (abs)        0001
___sp                           stack        0000
___stack_hi                     stack        0000
___stack_lo                     stack        0000
__accesstop                     (abs)        0060
__activetblptr                  (abs)        0000
__end_of_ISR_TIMER_0            intcode_body 0D4C
__end_of___awmod                text14       0FB6
__end_of__initialization        cinit        12FE
__end_of_conf_interrupts        text5        13BC
__end_of_conf_timer_0           text4        1376
__end_of_config_app             text2        138C
__end_of_main                   text0        1226
__end_of_os_config              text6        135A
__end_of_os_create_task         text7        11DA
__end_of_os_idle_task           text8        1284
__end_of_os_start               text1        139C
__end_of_os_task_pos            text13       113C
__end_of_os_task_time_decrease  text22       10EC
__end_of_rr_scheduler           text12       0E2A
__end_of_scheduler              text11       13AA
__end_of_sem_init               text3        1256
__end_of_sem_wait               text10       0AC2
__end_of_tarefa_1               text9        12B2
__end_of_tarefa_2               text15       1332
__end_of_tarefa_3               text16       12DE
__end_ofi2___awmod              text21       1064
__end_ofi2_os_task_pos          text20       118C
__end_ofi2_rr_scheduler         text19       0F08
__end_ofi2_scheduler            text18       13B8
__initialization                cinit        12DE
__mediumconst                   smallconst   0800
__pbssBIGRAM                    bssBIGRAM    00D3
__pbssCOMRAM                    bssCOMRAM    002C
__pcinit                        cinit        12DE
__pcstackBANK0                  cstackBANK0  0060
__pcstackCOMRAM                 cstackCOMRAM 0001
__pintcode                      intcode      0008
__pintcode_body                 intcode_body 0AC2
__psmallconst                   smallconst   0800
__ptext0                        text0        11DA
__ptext1                        text1        138C
__ptext10                       text10       0802
__ptext11                       text11       139C
__ptext12                       text12       0D4C
__ptext13                       text13       10EC
__ptext14                       text14       0F08
__ptext15                       text15       1308
__ptext16                       text16       12B2
__ptext18                       text18       13AA
__ptext19                       text19       0E2A
__ptext2                        text2        1376
__ptext20                       text20       113C
__ptext21                       text21       0FB6
__ptext22                       text22       1064
__ptext3                        text3        1226
__ptext4                        text4        135A
__ptext5                        text5        13B8
__ptext6                        text6        1332
__ptext7                        text7        118C
__ptext8                        text8        1256
__ptext9                        text9        1284
__ramtop                        ramtop       0800
__smallconst                    smallconst   0800
_conf_interrupts                text5        13B8
_conf_timer_0                   text4        135A
_config_app                     text2        1376
_main                           text0        11DA
_os_config                      text6        1332
_os_create_task                 text7        118C
_os_idle_task                   text8        1256
_os_start                       text1        138C
_os_task_pos                    text13       10EC
_os_task_time_decrease          text22       1064
_readyQueue                     bssBIGRAM    00D3
_rr_scheduler                   text12       0D4C
_scheduler                      text11       139C
_sem_init                       text3        1226
_sem_wait                       text10       0802
_semaforo_teste                 bssCOMRAM    002C
_tarefa_1                       text9        1284
_tarefa_2                       text15       1308
_tarefa_3                       text16       12B2
btemp                           temp         003A
end_of_initialization           cinit        12FE
i2___awmod                      text21       0FB6
i2___awmod@counter              cstackCOMRAM 0005
i2___awmod@dividend             cstackCOMRAM 0001
i2___awmod@divisor              cstackCOMRAM 0003
i2___awmod@sign                 cstackCOMRAM 0006
i2_os_task_pos                  text20       113C
i2_rr_scheduler                 text19       0E2A
i2_scheduler                    text18       13AA
i2os_task_pos@i                 cstackCOMRAM 0005
i2os_task_pos@task              cstackCOMRAM 0001
i2rr_scheduler@idle_selected    cstackCOMRAM 000B
i2rr_scheduler@pos_task_running cstackCOMRAM 000C
int$flags                       temp         003A
int_func                        intcode_body 0AC2
intlevel0                       text         0000
intlevel1                       text         0000
intlevel2                       text         0000
intlevel3                       text         0000
isa$std                         (abs)        0001
isa$xinst                       (abs)        0000
os_create_task@id               cstackBANK0  0068
os_create_task@new_task         cstackBANK0  0069
os_create_task@prior            cstackBANK0  0066
os_create_task@task_f           cstackBANK0  0064
os_task_pos@i                   cstackCOMRAM 001B
os_task_pos@task                cstackCOMRAM 0017
os_task_time_decrease@i         cstackCOMRAM 0002
rr_scheduler@idle_selected      cstackCOMRAM 0021
rr_scheduler@pos_task_running   cstackCOMRAM 0022
sem_init@init_value             cstackBANK0  0065
sem_init@s                      cstackBANK0  0064
sem_wait@s                      cstackCOMRAM 0023
stackhi                         (abs)        0000
stacklo                         (abs)        0000
start                           init         000E
start_initialization            cinit        12DE
ttemp5                          temp         003B
ttemp6                          temp         003E
ttemp7                          temp         0042
wtemp8                          temp         003B


MODULE INFORMATION

Module		Function		Class		Link	Load	Size
C:\Program Files\Microchip\xc8\v3.00\pic\sources\c99\common\awmod.c
		___awmod       		CODE           	0F08	0000	174

C:\Program Files\Microchip\xc8\v3.00\pic\sources\c99\common\awmod.c estimated size: 174

kernel.c
		_os_config     		CODE           	1332	0000	40
		_os_start      		CODE           	138C	0000	16
		_os_task_time_decrease		CODE           	1064	0000	136
		_os_task_pos   		CODE           	10EC	0000	80
		_os_idle_task  		CODE           	1256	0000	46

kernel.c estimated size: 318

shared
		i2_os_task_pos 		CODE           	113C	0000	80
		__initialization		CODE           	12DE	0000	32
		i2___awmod     		CODE           	0FB6	0000	174
		i2_scheduler   		CODE           	13AA	0000	14
		i2_rr_scheduler		CODE           	0E2A	0000	222

shared estimated size: 522

hardware.c
		_conf_timer_0  		CODE           	135A	0000	28
		_conf_interrupts		CODE           	13B8	0000	4
		_ISR_TIMER_0   		CODE           	0008	0000	656

hardware.c estimated size: 688

scheduler.c
		_rr_scheduler  		CODE           	0D4C	0000	222
		_scheduler     		CODE           	139C	0000	14

scheduler.c estimated size: 236

sync.c
		_sem_wait      		CODE           	0802	0000	704
		_sem_init      		CODE           	1226	0000	48

sync.c estimated size: 752

main.c
		_main          		CODE           	11DA	0000	76

main.c estimated size: 76

syscall.c
		_os_create_task		CODE           	118C	0000	78

syscall.c estimated size: 78

user_app.c
		_tarefa_1      		CODE           	1284	0000	46
		_tarefa_2      		CODE           	1308	0000	42
		_tarefa_3      		CODE           	12B2	0000	44
		_config_app    		CODE           	1376	0000	22

user_app.c estimated size: 154

