Microchip MPLAB XC8 Compiler V2.36

Linker command line:

-W-3 --edf=D:\Program Files\Microchip\xc8\v2.36\pic\dat\en_msgs.txt -cn \
  -h+dist/default/production\bf161rtos.production.sym \
  --cmf=dist/default/production\bf161rtos.production.cmf -z -Q18F4550 \
  -oC:\Users\andre\AppData\Local\Temp\xcAsvhc.4 --defsym=__MPLAB_BUILD=1 \
  -Mdist/default/production/bf161rtos.production.map \
  --md=C:\Users\andre\AppData\Local\Temp\xcAsvhc.dat -E1 -ver=XC8 Compiler \
  --acfsm=1493 -ASTACK=0496h-07FFh -pstack=STACK -ACODE=00h-07FFFh \
  -ACONST=00h-07FFFh -ASMALLCONST=0800h-08FFhx120 \
  -AMEDIUMCONST=0800h-07FFFh -ACOMRAM=01h-05Fh -AABS1=00h-07FFh \
  -ABIGRAM=01h-07FFh -ARAM=060h-0FFh,0100h-01FFhx7 -ABANK0=060h-0FFh \
  -ABANK1=0100h-01FFh -ABANK2=0200h-02FFh -ABANK3=0300h-03FFh \
  -ABANK4=0400h-04FFh -ABANK5=0500h-05FFh -ABANK6=0600h-06FFh \
  -ABANK7=0700h-07FFh -ASFR=0F60h-0FFFh -ABIGSFR=0F60h-0FFFh \
  -ACONFIG=0300000h-030000Dh -AIDLOC=0200000h-0200007h \
  -AEEDATA=0F00000h-0F000FFh -peeprom_data=EEDATA \
  -preset_vec=00h,intcode=08h,intcodelo,powerup,init -pramtop=0800h \
  -psmallconst=SMALLCONST -pmediumconst=MEDIUMCONST -pconst=CONST \
  -AFARRAM=00h-00h \
  -prdata=COMRAM,nvrram=COMRAM,nvbit=COMRAM,rbss=COMRAM,rbit=COMRAM \
  -pfarbss=FARRAM,fardata=FARRAM,nvFARRAM=FARRAM \
  -pintsave_regs=BIGRAM,bigbss=BIGRAM,bigdata=BIGRAM -pbss=RAM \
  -pidata=CODE,irdata=CODE,ibigdata=CODE,ifardata=CODE -prparam=COMRAM \
  C:\Users\andre\AppData\Local\Temp\xcAsvhc.o \
  dist/default/production\bf161rtos.production.o 

Object code version is 3.11

Machine type is 18F4550



                Name                               Link     Load   Length Selector   Space Scale
C:\Users\andre\AppData\Local\Temp\xcAsvhc.o
                stack                               496      496      36A      496       2
                config                           300000   300000        8        0       4
                init                                  C        C        8        4       0
                reset_vec                             0        0        4        0       0
dist/default/production\bf161rtos.production.o
                intcode                               8        8        4        4       0
                config                           300000   300000        8        0       4
                temp                                  1        1       20        1       1
                text48                             2930     2930       18        4       0
                text47                             27B2     27B2       3E        4       0
                text46                             22B0     22B0       A0        4       0
                text45                             2202     2202       AE        4       0
                intcode_body                        A88      A88      2D6        4       0
                text43                             11FE     11FE      226        4       0
                text42                             1D94     1D94       EC        4       0
                text41                             25F0     25F0       64        4       0
                text40                               14       14      460        4       0
                text39                             1CA2     1CA2       F2        4       0
                text38                             1F6A     1F6A       E8        4       0
                text37                              792      792      2F6        4       0
                text36                             1AA0     1AA0      104        4       0
                text35                             2586     2586       6A        4       0
                text34                             28E6     28E6       1A        4       0
                text33                             2980     2980       12        4       0
                text32                             2350     2350       80        4       0
                text31                             1956     1956      14A        4       0
                text30                             24AE     24AE       6E        4       0
                text29                              D5E      D5E      262        4       0
                text28                             2992     2992        E        4       0
                text27                              474      474      31E        4       0
                text26                             1610     1610      1B2        4       0
                text25                              FC0      FC0      23E        4       0
                text24                             2710     2710       54        4       0
                text23                             1BA4     1BA4       FE        4       0
                text22                             284E     284E       2C        4       0
                text21                             212C     212C       D6        4       0
                text20                             28A2     28A2       28        4       0
                text19                             2052     2052       DA        4       0
                text18                             29AC     29AC        4        4       0
                text17                             29A0     29A0        C        4       0
                text16                             28CA     28CA       1C        4       0
                text15                             296E     296E       12        4       0
                text14                             2820     2820       2E        4       0
                text13                             17C2     17C2      194        4       0
                text12                             1424     1424      1EC        4       0
                text11                             26B4     26B4       5C        4       0
                text10                             1E80     1E80       EA        4       0
                text9                              287A     287A       28        4       0
                text8                              27F0     27F0       30        4       0
                text7                              295C     295C       12        4       0
                text6                              2440     2440       6E        4       0
                text5                              251C     251C       6A        4       0
                text4                              2918     2918       18        4       0
                text3                              2948     2948       14        4       0
                text2                              23D0     23D0       70        4       0
                text1                              2900     2900       18        4       0
                text0                              2654     2654       60        4       0
                cstackCOMRAM                         3F       3F       12        1       1
                bssBIGRAM                            81       81      415       81       1
                bssBANK0                             60       60       21       60       1
                dataCOMRAM                           51       51        2        1       1
                bssCOMRAM                            21       21       1E        1       1
                cinit                              2764     2764       4E        4       0
                idataCOMRAM                        29B0     29B0        2        4       0

TOTAL           Name                               Link     Load   Length     Space
        CLASS   STACK          
                stack                               496      496      36A         2

        CLASS   CODE           
                intcode                               8        8        4         0
                init                                  C        C        8         0
                reset_vec                             0        0        4         0
                text48                             2930     2930       18         0
                text47                             27B2     27B2       3E         0
                text46                             22B0     22B0       A0         0
                text45                             2202     2202       AE         0
                intcode_body                        A88      A88      2D6         0
                text43                             11FE     11FE      226         0
                text42                             1D94     1D94       EC         0
                text41                             25F0     25F0       64         0
                text40                               14       14      460         0
                text39                             1CA2     1CA2       F2         0
                text38                             1F6A     1F6A       E8         0
                text37                              792      792      2F6         0
                text36                             1AA0     1AA0      104         0
                text35                             2586     2586       6A         0
                text34                             28E6     28E6       1A         0
                text33                             2980     2980       12         0
                text32                             2350     2350       80         0
                text31                             1956     1956      14A         0
                text30                             24AE     24AE       6E         0
                text29                              D5E      D5E      262         0
                text28                             2992     2992        E         0
                text27                              474      474      31E         0
                text26                             1610     1610      1B2         0
                text25                              FC0      FC0      23E         0
                text24                             2710     2710       54         0
                text23                             1BA4     1BA4       FE         0
                text22                             284E     284E       2C         0
                text21                             212C     212C       D6         0
                text20                             28A2     28A2       28         0
                text19                             2052     2052       DA         0
                text18                             29AC     29AC        4         0
                text17                             29A0     29A0        C         0
                text16                             28CA     28CA       1C         0
                text15                             296E     296E       12         0
                text14                             2820     2820       2E         0
                text13                             17C2     17C2      194         0
                text12                             1424     1424      1EC         0
                text11                             26B4     26B4       5C         0
                text10                             1E80     1E80       EA         0
                text9                              287A     287A       28         0
                text8                              27F0     27F0       30         0
                text7                              295C     295C       12         0
                text6                              2440     2440       6E         0
                text5                              251C     251C       6A         0
                text4                              2918     2918       18         0
                text3                              2948     2948       14         0
                text2                              23D0     23D0       70         0
                text1                              2900     2900       18         0
                text0                              2654     2654       60         0
                cinit                              2764     2764       4E         0
                idataCOMRAM                        29B0     29B0        2         0

        CLASS   CONST          

        CLASS   SMALLCONST     

        CLASS   MEDIUMCONST    

        CLASS   COMRAM         
                temp                                  1        1       20         1
                cstackCOMRAM                         3F       3F       12         1
                dataCOMRAM                           51       51        2         1
                bssCOMRAM                            21       21       1E         1

        CLASS   ABS1           

        CLASS   BIGRAM         
                bssBIGRAM                            81       81      415         1

        CLASS   RAM            

        CLASS   BANK0          
                bssBANK0                             60       60       21         1

        CLASS   BANK1          

        CLASS   BANK2          

        CLASS   BANK3          

        CLASS   BANK4          

        CLASS   BANK5          

        CLASS   BANK6          

        CLASS   BANK7          

        CLASS   SFR            

        CLASS   BIGSFR         

        CLASS   CONFIG         
                config                           300000   300000        8         4

        CLASS   IDLOC          

        CLASS   EEDATA         

        CLASS   FARRAM         

        CLASS   HEAP           



SEGMENTS        Name                           Load    Length   Top    Selector   Space  Class

                reset_vec                      000000  000004  000004         0       0  CODE    
                temp                           000001  000052  000053         1       1  COMRAM  
                intcode                        000008  0029AA  0029B2         4       0  CODE    
                bssBANK0                       000060  000021  000081        60       1  BANK0   
                bssBIGRAM                      000081  000415  000496        81       1  BIGRAM  
                stack                          000496  00036A  000800       496       2  STACK   


UNUSED ADDRESS RANGES

        Name                Unused          Largest block    Delta
        BANK4            000496-0004FF               6A
        BANK5            000500-0005FF              100
        BANK6            000600-0006FF              100
        BANK7            000700-0007FF              100
        BIGRAM           000053-00005F                D
                         000496-0007FF              36A
        BIGSFR           000F60-000FFF               A0
        CODE             000004-000007                4
                         0029B2-007FFF             564E
        COMRAM           000053-00005F                D
        CONFIG           300008-30000D                6
        CONST            000004-000007                4
                         0029B2-007FFF             564E
        EEDATA           F00000-F000FF              100
        IDLOC            200000-200007                8
        MEDIUMCONST      0029B2-007FFF             564E
        RAM              000496-0007FF              100
        SFR              000F60-000FFF               A0
        SMALLCONST       0029B2-007FFF              100

                                  Symbol Table

_ADCON0bits                     (abs)        000FC2
_ADCON1bits                     (abs)        000FC1
_ADCON2bits                     (abs)        000FC0
_ADRES                          (abs)        000FC3
_BSR                            (abs)        000FE0
_INTCON2bits                    (abs)        000FF1
_INTCONbits                     (abs)        000FF2
_ISR_TIMER_0                    intcode      000008
_LATBbits                       (abs)        000F8A
_LATDbits                       (abs)        000F8C
_OSCCONbits                     (abs)        000FD3
_PORTBbits                      (abs)        000F81
_PORTDbits                      (abs)        000F83
_SRAMInitHeap                   text19       002052
_SRAMalloc                      text12       001424
_STATUS                         (abs)        000FD8
_STKPTR                         (abs)        000FFC
_T0CONbits                      (abs)        000FD5
_TMR0                           (abs)        000FD6
_TOS                            (abs)        000FFD
_TRISBbits                      (abs)        000F93
_TRISDbits                      (abs)        000F95
_WREG                           (abs)        000FE8
__HRAM                          (abs)        000000
__Habs1                         abs1         000000
__Hbank0                        bank0        000000
__Hbank1                        bank1        000000
__Hbank2                        bank2        000000
__Hbank3                        bank3        000000
__Hbank4                        bank4        000000
__Hbank5                        bank5        000000
__Hbank6                        bank6        000000
__Hbank7                        bank7        000000
__Hbigbss                       bigbss       000000
__Hbigdata                      bigdata      000000
__Hbigram                       bigram       000000
__Hbigsfr                       bigsfr       000000
__Hbss                          bss          000000
__HbssBANK0                     bssBANK0     000000
__HbssBIGRAM                    bssBIGRAM    000000
__HbssCOMRAM                    bssCOMRAM    000000
__Hcinit                        cinit        000000
__Hclrtext                      clrtext      000000
__Hcomram                       comram       000000
__Hconfig                       config       300008
__Hconst                        const        000000
__HcstackCOMRAM                 cstackCOMRAM 000000
__Hdata                         data         000000
__HdataCOMRAM                   dataCOMRAM   000000
__Heeprom_data                  eeprom_data  000000
__Hfarbss                       farbss       000000
__Hfardata                      fardata      000000
__Hheap                         heap         000000
__Hibigdata                     ibigdata     000000
__Hidata                        idata        000000
__HidataCOMRAM                  idataCOMRAM  000000
__Hidloc                        idloc        000000
__Hifardata                     ifardata     000000
__Hinit                         init         000014
__Hintcode                      intcode      00000C
__Hintcode_body                 intcode_body 000000
__Hintcodelo                    intcodelo    00000C
__Hintentry                     intentry     000000
__Hintret                       intret       000000
__Hintsave_regs                 intsave_regs 000000
__Hirdata                       irdata       000000
__Hmediumconst                  mediumconst  000000
__HnvFARRAM                     nvFARRAM     000000
__Hnvbit                        nvbit        000000
__Hnvrram                       nvrram       000000
__Hparam                        rparam       000000
__Hpowerup                      powerup      00000C
__Hram                          ram          000000
__Hramtop                       ramtop       000800
__Hrbit                         rbit         000000
__Hrbss                         rbss         000000
__Hrdata                        rdata        000000
__Hreset_vec                    reset_vec    000004
__Hrparam                       rparam       000000
__Hsfr                          sfr          000000
__Hsmallconst                   smallconst   000000
__Hspace_0                      (abs)        0029B2
__Hspace_1                      (abs)        000496
__Hspace_2                      (abs)        000800
__Hspace_4                      (abs)        600008
__Hstack                        stack        000800
__Hstruct                       struct       000000
__Htemp                         temp         000021
__Htext                         text         000000
__Htext0                        text0        000000
__Htext1                        text1        000000
__Htext10                       text10       000000
__Htext11                       text11       000000
__Htext12                       text12       000000
__Htext13                       text13       000000
__Htext14                       text14       000000
__Htext15                       text15       000000
__Htext16                       text16       000000
__Htext17                       text17       000000
__Htext18                       text18       000000
__Htext19                       text19       000000
__Htext2                        text2        000000
__Htext20                       text20       000000
__Htext21                       text21       000000
__Htext22                       text22       000000
__Htext23                       text23       000000
__Htext24                       text24       000000
__Htext25                       text25       000000
__Htext26                       text26       000000
__Htext27                       text27       000000
__Htext28                       text28       000000
__Htext29                       text29       000000
__Htext3                        text3        000000
__Htext30                       text30       000000
__Htext31                       text31       000000
__Htext32                       text32       000000
__Htext33                       text33       000000
__Htext34                       text34       000000
__Htext35                       text35       000000
__Htext36                       text36       000000
__Htext37                       text37       000000
__Htext38                       text38       000000
__Htext39                       text39       000000
__Htext4                        text4        000000
__Htext40                       text40       000000
__Htext41                       text41       000000
__Htext42                       text42       000000
__Htext43                       text43       000000
__Htext45                       text45       000000
__Htext46                       text46       000000
__Htext47                       text47       000000
__Htext48                       text48       000000
__Htext49                       text49       000000
__Htext5                        text5        000000
__Htext6                        text6        000000
__Htext7                        text7        000000
__Htext8                        text8        000000
__Htext9                        text9        000000
__LRAM                          (abs)        000001
__Labs1                         abs1         000000
__Lbank0                        bank0        000000
__Lbank1                        bank1        000000
__Lbank2                        bank2        000000
__Lbank3                        bank3        000000
__Lbank4                        bank4        000000
__Lbank5                        bank5        000000
__Lbank6                        bank6        000000
__Lbank7                        bank7        000000
__Lbigbss                       bigbss       000000
__Lbigdata                      bigdata      000000
__Lbigram                       bigram       000000
__Lbigsfr                       bigsfr       000000
__Lbss                          bss          000000
__LbssBANK0                     bssBANK0     000000
__LbssBIGRAM                    bssBIGRAM    000000
__LbssCOMRAM                    bssCOMRAM    000000
__Lcinit                        cinit        000000
__Lclrtext                      clrtext      000000
__Lcomram                       comram       000000
__Lconfig                       config       000000
__Lconst                        const        000000
__LcstackCOMRAM                 cstackCOMRAM 000000
__Ldata                         data         000000
__LdataCOMRAM                   dataCOMRAM   000000
__Leeprom_data                  eeprom_data  000000
__Lfarbss                       farbss       000000
__Lfardata                      fardata      000000
__Lheap                         heap         000000
__Libigdata                     ibigdata     000000
__Lidata                        idata        000000
__LidataCOMRAM                  idataCOMRAM  000000
__Lidloc                        idloc        000000
__Lifardata                     ifardata     000000
__Linit                         init         00000C
__Lintcode                      intcode      000008
__Lintcode_body                 intcode_body 000000
__Lintcodelo                    intcodelo    00000C
__Lintentry                     intentry     000000
__Lintret                       intret       000000
__Lintsave_regs                 intsave_regs 000000
__Lirdata                       irdata       000000
__Lmediumconst                  mediumconst  000000
__LnvFARRAM                     nvFARRAM     000000
__Lnvbit                        nvbit        000000
__Lnvrram                       nvrram       000000
__Lparam                        rparam       000000
__Lpowerup                      powerup      00000C
__Lram                          ram          000000
__Lramtop                       ramtop       000800
__Lrbit                         rbit         000000
__Lrbss                         rbss         000000
__Lrdata                        rdata        000000
__Lreset_vec                    reset_vec    000000
__Lrparam                       rparam       000000
__Lsfr                          sfr          000000
__Lsmallconst                   smallconst   000000
__Lspace_0                      (abs)        000000
__Lspace_1                      (abs)        000000
__Lspace_2                      (abs)        000000
__Lspace_4                      (abs)        000000
__Lstack                        stack        000496
__Lstruct                       struct       000000
__Ltemp                         temp         000001
__Ltext                         text         000000
__Ltext0                        text0        000000
__Ltext1                        text1        000000
__Ltext10                       text10       000000
__Ltext11                       text11       000000
__Ltext12                       text12       000000
__Ltext13                       text13       000000
__Ltext14                       text14       000000
__Ltext15                       text15       000000
__Ltext16                       text16       000000
__Ltext17                       text17       000000
__Ltext18                       text18       000000
__Ltext19                       text19       000000
__Ltext2                        text2        000000
__Ltext20                       text20       000000
__Ltext21                       text21       000000
__Ltext22                       text22       000000
__Ltext23                       text23       000000
__Ltext24                       text24       000000
__Ltext25                       text25       000000
__Ltext26                       text26       000000
__Ltext27                       text27       000000
__Ltext28                       text28       000000
__Ltext29                       text29       000000
__Ltext3                        text3        000000
__Ltext30                       text30       000000
__Ltext31                       text31       000000
__Ltext32                       text32       000000
__Ltext33                       text33       000000
__Ltext34                       text34       000000
__Ltext35                       text35       000000
__Ltext36                       text36       000000
__Ltext37                       text37       000000
__Ltext38                       text38       000000
__Ltext39                       text39       000000
__Ltext4                        text4        000000
__Ltext40                       text40       000000
__Ltext41                       text41       000000
__Ltext42                       text42       000000
__Ltext43                       text43       000000
__Ltext45                       text45       000000
__Ltext46                       text46       000000
__Ltext47                       text47       000000
__Ltext48                       text48       000000
__Ltext49                       text49       000000
__Ltext5                        text5        000000
__Ltext6                        text6        000000
__Ltext7                        text7        000000
__Ltext8                        text8        000000
__Ltext9                        text9        000000
__S0                            (abs)        0029B2
__S1                            (abs)        000496
__S2                            (abs)        000800
__S4                            (abs)        000000
__S5                            (abs)        000000
__SRAMmerge                     text13       0017C2
___awmod                        text31       001956
___heap_hi                      (abs)        000000
___heap_lo                      (abs)        000000
___inthi_sp                     stack        00064B
___intlo_sp                     stack        000800
___param_bank                   (abs)        000000
___rparam_used                  (abs)        000001
___sp                           stack        000496
__accesstop                     (abs)        000060
__activetblptr                  (abs)        000002
__end_of_ISR_TIMER_0            intcode_body 000D5E
__end_of_SRAMInitHeap           text19       00212C
__end_of_SRAMalloc              text12       001610
__end_of__SRAMmerge             text13       001956
__end_of___awmod                text31       001AA0
__end_of__initialization        cinit        0027A8
__end_of_adc_go                 text15       002980
__end_of_adc_read               text34       002900
__end_of_conf_interrupts        text18       0029B0
__end_of_conf_osc_internal_8MHz text17       0029AC
__end_of_conf_timer_0           text16       0028E6
__end_of_config_adc             text14       00284E
__end_of_config_app             text2        002440
__end_of_create_pipe            text10       001F6A
__end_of_exti_enable            text9        0028A2
__end_of_exti_init              text8        002820
__end_of_exti_isr               text47       0027F0
__end_of_exti_set_callback      text7        00296E
__end_of_isr_button_toggle      text48       002948
__end_of_main                   text0        0026B4
__end_of_mutex_init             text6        0024AE
__end_of_mutex_lock             text27       000792
__end_of_mutex_unlock           text26       0017C2
__end_of_os_config              text20       0028CA
__end_of_os_create_task         text21       002202
__end_of_os_delay               text25       0011FE
__end_of_os_idle_task           text22       00287A
__end_of_os_start               text1        002918
__end_of_os_task_pos            text30       00251C
__end_of_os_task_time_decrease  text46       002350
__end_of_os_yield               text43       001424
__end_of_pipe_read_block        text41       002654
__end_of_pipe_write_block       text35       0025F0
__end_of_priority_scheduler     text29       000FC0
__end_of_pwm_init               text5        002586
__end_of_pwm_set_duty           text24       002764
__end_of_pwm_tick               text45       0022B0
__end_of_read_adc_channel       text33       002992
__end_of_read_pipe              text42       001E80
__end_of_scheduler              text28       0029A0
__end_of_sem_init               text11       002710
__end_of_sem_post               text38       002052
__end_of_sem_wait               text37       000A88
__end_of_set_channel            text4        002930
__end_of_set_port               text3        00295C
__end_of_task_battery           text39       001D94
__end_of_task_central           text40       000474
__end_of_task_motors            text23       001CA2
__end_of_task_sensors           text32       0023D0
__end_of_write_pipe             text36       001BA4
__exti_cb                       bssCOMRAM    00002D
__initialization                cinit        002764
__mediumconst                   mediumconst  000000
__pbssBANK0                     bssBANK0     000060
__pbssBIGRAM                    bssBIGRAM    000081
__pbssCOMRAM                    bssCOMRAM    000021
__pcinit                        cinit        002764
__pcstackCOMRAM                 cstackCOMRAM 00003F
__pdataCOMRAM                   dataCOMRAM   000051
__pidataCOMRAM                  idataCOMRAM  0029B0
__pintcode                      intcode      000008
__pintcode_body                 intcode_body 000A88
__ptext0                        text0        002654
__ptext1                        text1        002900
__ptext10                       text10       001E80
__ptext11                       text11       0026B4
__ptext12                       text12       001424
__ptext13                       text13       0017C2
__ptext14                       text14       002820
__ptext15                       text15       00296E
__ptext16                       text16       0028CA
__ptext17                       text17       0029A0
__ptext18                       text18       0029AC
__ptext19                       text19       002052
__ptext2                        text2        0023D0
__ptext20                       text20       0028A2
__ptext21                       text21       00212C
__ptext22                       text22       00284E
__ptext23                       text23       001BA4
__ptext24                       text24       002710
__ptext25                       text25       000FC0
__ptext26                       text26       001610
__ptext27                       text27       000474
__ptext28                       text28       002992
__ptext29                       text29       000D5E
__ptext3                        text3        002948
__ptext30                       text30       0024AE
__ptext31                       text31       001956
__ptext32                       text32       002350
__ptext33                       text33       002980
__ptext34                       text34       0028E6
__ptext35                       text35       002586
__ptext36                       text36       001AA0
__ptext37                       text37       000792
__ptext38                       text38       001F6A
__ptext39                       text39       001CA2
__ptext4                        text4        002918
__ptext40                       text40       000014
__ptext41                       text41       0025F0
__ptext42                       text42       001D94
__ptext43                       text43       0011FE
__ptext45                       text45       002202
__ptext46                       text46       0022B0
__ptext47                       text47       0027B2
__ptext48                       text48       002930
__ptext49                       text49       000000
__ptext5                        text5        00251C
__ptext6                        text6        002440
__ptext7                        text7        00295C
__ptext8                        text8        0027F0
__ptext9                        text9        00287A
__pwm_duty                      bssCOMRAM    000021
__pwm_period                    dataCOMRAM   000051
__pwm_phase                     bssCOMRAM    00002F
__ramtop                        ramtop       000800
__smallconst                    smallconst   000000
__uDynamicHeap                  bssBIGRAM    000296
_adc_go                         text15       00296E
_adc_read                       text34       0028E6
_conf_interrupts                text18       0029AC
_conf_osc_internal_8MHz         text17       0029A0
_conf_timer_0                   text16       0028CA
_config_adc                     text14       002820
_config_app                     text2        0023D0
_create_pipe                    text10       001E80
_exti_enable                    text9        00287A
_exti_init                      text8        0027F0
_exti_isr                       text47       0027B2
_exti_set_callback              text7        00295C
_g_flight_enabled               dataCOMRAM   000052
_g_pipe                         bssBANK0     000060
_g_speeds                       bssCOMRAM    000029
_g_speeds_mutex                 bssCOMRAM    000030
_isr_button_toggle              text48       002930
_main                           text0        002654
_mutex_init                     text6        002440
_mutex_lock                     text27       000474
_mutex_unlock                   text26       001610
_os_config                      text20       0028A2
_os_create_task                 text21       00212C
_os_delay                       text25       000FC0
_os_idle_task                   text22       00284E
_os_start                       text1        002900
_os_task_pos                    text30       0024AE
_os_task_time_decrease          text46       0022B0
_os_yield                       text43       0011FE
_pipe_read_block                text41       0025F0
_pipe_write_block               text35       002586
_priority_scheduler             text29       000D5E
_pwm_init                       text5        00251C
_pwm_set_duty                   text24       002710
_pwm_tick                       text45       002202
_read_adc_channel               text33       002980
_read_pipe                      text42       001D94
_readyQueue                     bssBIGRAM    000081
_scheduler                      text28       002992
_sem_init                       text11       0026B4
_sem_post                       text38       001F6A
_sem_wait                       text37       000792
_set_channel                    text4        002918
_set_port                       text3        002948
_task_battery                   text39       001CA2
_task_central                   text40       000014
_task_motors                    text23       001BA4
_task_sensors                   text32       002350
_write_pipe                     text36       001AA0
btemp                           temp         000001
end_of_initialization           cinit        0027A8
int_func                        intcode_body 000A88
intlevel0                       text         000000
intlevel1                       text         000000
intlevel2                       text         000000
intlevel3                       text         000000
isa$std                         (abs)        000001
isa$xinst                       (abs)        000000
lltemp0                         temp         000001
lltemp1                         temp         000009
lltemp2                         temp         000011
lltemp3                         temp         000019
ltemp0                          temp         000001
ltemp1                          temp         000005
ltemp2                          temp         000009
stackhi                         (abs)        0007FF
stacklo                         (abs)        000496
start                           init         00000C
start_initialization            cinit        002764
task_central@F3734              bssCOMRAM    000025
ttemp0                          temp         000001
ttemp1                          temp         000004
ttemp2                          temp         000007
ttemp3                          temp         00000A
ttemp5                          temp         000002
ttemp6                          temp         000005
ttemp7                          temp         000009
wtemp0                          temp         000001
wtemp1                          temp         000003
wtemp2                          temp         000005
wtemp3                          temp         000007
wtemp4                          temp         000009
wtemp5                          temp         00000B
wtemp8                          temp         000002


MODULE INFORMATION

Module		Function		Class		Link	Load	Size
io.c
		_pwm_set_duty  		CODE           	2710	0000	84
		_set_channel   		CODE           	2918	0000	24
		_exti_isr      		CODE           	27B2	0000	62
		_exti_set_callback		CODE           	295C	0000	18
		_set_port      		CODE           	2948	0000	20
		_exti_enable   		CODE           	287A	0000	40
		_adc_go        		CODE           	296E	0000	18
		_adc_read      		CODE           	28E6	0000	26
		_pwm_init      		CODE           	251C	0000	106
		_pwm_tick      		CODE           	2202	0000	174
		_config_adc    		CODE           	2820	0000	46
		_exti_init     		CODE           	27F0	0000	48

io.c estimated size: 666

D:\Program Files\Microchip\xc8\v2.36\pic\sources\c99\common\awmod.c
		___awmod       		CODE           	1956	0000	330

D:\Program Files\Microchip\xc8\v2.36\pic\sources\c99\common\awmod.c estimated size: 330

kernel.c
		_os_config     		CODE           	28A2	0000	40
		_os_start      		CODE           	2900	0000	24
		_os_task_time_decrease		CODE           	22B0	0000	160
		_os_task_pos   		CODE           	24AE	0000	110
		_os_idle_task  		CODE           	284E	0000	44

kernel.c estimated size: 378

mem.c
		__SRAMmerge    		CODE           	17C2	0000	404
		_SRAMalloc     		CODE           	1424	0000	492
		_SRAMInitHeap  		CODE           	2052	0000	218

mem.c estimated size: 1114

shared
		__initialization		CODE           	2764	0000	68

shared estimated size: 68

hardware.c
		_conf_osc_internal_8MHz		CODE           	29A0	0000	12
		_conf_timer_0  		CODE           	28CA	0000	28
		_conf_interrupts		CODE           	29AC	0000	4
		_ISR_TIMER_0   		CODE           	0008	0000	730

hardware.c estimated size: 774

pipe.c
		_read_pipe     		CODE           	1D94	0000	236
		_create_pipe   		CODE           	1E80	0000	234
		_write_pipe    		CODE           	1AA0	0000	260
		_pipe_read_block		CODE           	25F0	0000	100
		_pipe_write_block		CODE           	2586	0000	106

pipe.c estimated size: 936

scheduler.c
		_priority_scheduler		CODE           	0D5E	0000	610
		_scheduler     		CODE           	2992	0000	14

scheduler.c estimated size: 624

sync.c
		_mutex_lock    		CODE           	0474	0000	798
		_mutex_unlock  		CODE           	1610	0000	434
		_sem_wait      		CODE           	0792	0000	758
		_sem_init      		CODE           	26B4	0000	92
		_sem_post      		CODE           	1F6A	0000	232
		_mutex_init    		CODE           	2440	0000	110

sync.c estimated size: 2424

main.c
		_main          		CODE           	2654	0000	96

main.c estimated size: 96

syscall.c
		_os_yield      		CODE           	11FE	0000	550
		_os_delay      		CODE           	0FC0	0000	574
		_os_create_task		CODE           	212C	0000	214

syscall.c estimated size: 1338

user_app.c
		_task_sensors  		CODE           	2350	0000	128
		_task_battery  		CODE           	1CA2	0000	242
		_task_central  		CODE           	0014	0000	1120
		_task_motors   		CODE           	1BA4	0000	254
		_isr_button_toggle		CODE           	2930	0000	24
		_read_adc_channel		CODE           	2980	0000	18
		_config_app    		CODE           	23D0	0000	112

user_app.c estimated size: 1898

